Завершение тестирования\n\nДата: 19-06-2024\nВремя: 7:23\n\nОписание:\n- Завершено ручное тестирование всех функций.\n- Проверены следующие сценарии:\n  - Открытие сайта\n  - Работа функционала\n  - Работа перевода\n  - Работа поисковой строки\n  - Верные данные о погоде\n\nБаги:\n- Все выявленные баги исправлены.\n\nСостояние:\n- Готов к релизу.
